Microchip MPLAB XC8 Compiler V1.42 ()

Linker command line:

-W-3 --edf=C:\Program Files (x86)\Microchip\xc8\v1.42\dat\en_msgs.txt -cs \
  -h+dist/default/production\Reloj.X.production.sym \
  --cmf=dist/default/production\Reloj.X.production.cmf -z -Q18F4550 \
  -oC:\Users\Marlon\AppData\Local\Temp\s98c.2 \
  -Mdist/default/production/Reloj.X.production.map -E1 -ver=XC8 \
  -ASTACK=060h-07ffh -pstack=STACK \
  -ACODE=0800h-0807h,080Ah-0817h,081Ah-07FFFh \
  -ACONST=0800h-0807h,080Ah-0817h,081Ah-07FFFh \
  -ASMALLCONST=0800h-0807h,080Ah-0817h,081Ah-08FFh,0900h-09FFhx119 \
  -AMEDIUMCONST=0800h-0807h,080Ah-0817h,081Ah-07FFFh -ACOMRAM=01h-05Fh \
  -AABS1=00h-07FFh -ABIGRAM=01h-07FFh -ARAM=060h-0FFh,0100h-01FFhx7 \
  -ABANK0=060h-0FFh -ABANK1=0100h-01FFh -ABANK2=0200h-02FFh \
  -ABANK3=0300h-03FFh -ABANK4=0400h-04FFh -ABANK5=0500h-05FFh \
  -ABANK6=0600h-06FFh -ABANK7=0700h-07FFh -ASFR=0F60h-0FFFh \
  -preset_vec=0800h,intcode=0808h,intcodelo,powerup,init -pramtop=0800h \
  -psmallconst=SMALLCONST -pmediumconst=MEDIUMCONST -pconst=CONST \
  -AFARRAM=00h-00h -ACONFIG=0300000h-030000Dh -pconfig=CONFIG \
  -AIDLOC=0200000h-0200007h -pidloc=IDLOC -AEEDATA=0F00000h-0F000FFh \
  -peeprom_data=EEDATA \
  -prdata=COMRAM,nvrram=COMRAM,nvbit=COMRAM,rbss=COMRAM,rbit=COMRAM \
  -pfarbss=FARRAM,fardata=FARRAM,nvFARRAM=FARRAM \
  -pintsave_regs=BIGRAM,bigbss=BIGRAM,bigdata=BIGRAM -pbss=RAM \
  -pidata=CODE,irdata=CODE,ibigdata=CODE,ifardata=CODE -prparam=COMRAM \
  C:\Users\Marlon\AppData\Local\Temp\s98c.obj \
  dist/default/production\Reloj.X.production.obj 

Object code version is 3.11

Machine type is 18F4550

Call graph: (short form)




                Name                               Link     Load   Length Selector   Space Scale
C:\Users\Marlon\AppData\Local\Temp\s98c.obj
                init                                80E      80E        4      404       0
                reset_vec                           800      800        4      400       0
                idloc                            200000   200000        8   200000       0
                config                           300000   300000        E   300000       0
dist/default/production\Reloj.X.production.obj
                intcode                             808      808        6      404       0
                temp                                 41       41        1        1       1
                smallconst                          81A      81A       1E      40D       0
                text12                             7DFE     7DFE       26     3EFF       0
                text11                             7E8A     7E8A       4E     3F45       0
                text10                             7D52     7D52        C     3EA9       0
                intcode_body                       7F2C     7F2C       D4     3F96       0
                text8                              7DA0     7DA0       1E     3ED0       0
                text7                              7D5E     7D5E        C     3EAF       0
                text6                              7E24     7E24       30     3F12       0
                text5                              7D86     7D86       1A     3EC3       0
                text4                              7D6A     7D6A        E     3EB5       0
                text3                              7D4A     7D4A        8     3EA5       0
                text2                              7D78     7D78        E     3EBC       0
                text1                              7ED8     7ED8       54     3F6C       0
                text0                              7DDC     7DDC       22     3EEE       0
                cstackCOMRAM                          1        1       20        1       1
                dataCOMRAM                           21       21       1E        1       1
                bssCOMRAM                            3F       3F        2        1       1
                cinit                              7E54     7E54       36     3F2A       0
                idataCOMRAM                        7DBE     7DBE       1E     7DBE       0

TOTAL           Name                               Link     Load   Length     Space
        CLASS   STACK          

        CLASS   CODE           
                intcode                             808      808        6         0
                init                                80E      80E        4         0
                reset_vec                           800      800        4         0
                text12                             7DFE     7DFE       26         0
                text11                             7E8A     7E8A       4E         0
                text10                             7D52     7D52        C         0
                intcode_body                       7F2C     7F2C       D4         0
                text8                              7DA0     7DA0       1E         0
                text7                              7D5E     7D5E        C         0
                text6                              7E24     7E24       30         0
                text5                              7D86     7D86       1A         0
                text4                              7D6A     7D6A        E         0
                text3                              7D4A     7D4A        8         0
                text2                              7D78     7D78        E         0
                text1                              7ED8     7ED8       54         0
                text0                              7DDC     7DDC       22         0
                cinit                              7E54     7E54       36         0
                idataCOMRAM                        7DBE     7DBE       1E         0

        CLASS   CONST          

        CLASS   SMALLCONST     
                smallconst                          81A      81A       1E         0

        CLASS   MEDIUMCONST    

        CLASS   COMRAM         
                temp                                 41       41        1         1
                cstackCOMRAM                          1        1       20         1
                dataCOMRAM                           21       21       1E         1
                bssCOMRAM                            3F       3F        2         1

        CLASS   ABS1           

        CLASS   BIGRAM         

        CLASS   RAM            

        CLASS   BANK0          

        CLASS   BANK1          

        CLASS   BANK2          

        CLASS   BANK3          

        CLASS   BANK4          

        CLASS   BANK5          

        CLASS   BANK6          

        CLASS   BANK7          

        CLASS   SFR            

        CLASS   FARRAM         

        CLASS   CONFIG         
                config                           300000   300000        E         0

        CLASS   IDLOC          
                idloc                            200000   200000        8         0

        CLASS   EEDATA         



SEGMENTS        Name                           Load    Length   Top    Selector   Space  Class

                cstackCOMRAM                   000001  000041  000042         1       1  COMRAM  
                reset_vec                      000800  000004  000804       400       0  CODE    
                intcode                        000808  00000A  000812       404       0  CODE    
                smallconst                     00081A  00001E  000838       40D       0  SMALLCON
                text3                          007D4A  000008  007D52      3EA5       0  CODE    
                text10                         007D52  00000C  007D5E      3EA9       0  CODE    
                text7                          007D5E  00000C  007D6A      3EAF       0  CODE    
                text4                          007D6A  00000E  007D78      3EB5       0  CODE    
                text2                          007D78  00000E  007D86      3EBC       0  CODE    
                text5                          007D86  00001A  007DA0      3EC3       0  CODE    
                text8                          007DA0  00001E  007DBE      3ED0       0  CODE    
                idataCOMRAM                    007DBE  00001E  007DDC      7DBE       0  CODE    
                text0                          007DDC  000022  007DFE      3EEE       0  CODE    
                text12                         007DFE  000026  007E24      3EFF       0  CODE    
                text6                          007E24  000030  007E54      3F12       0  CODE    
                cinit                          007E54  000036  007E8A      3F2A       0  CODE    
                text11                         007E8A  00004E  007ED8      3F45       0  CODE    
                text1                          007ED8  000054  007F2C      3F6C       0  CODE    
                intcode_body                   007F2C  0000D4  008000      3F96       0  CODE    
                idloc                          200000  000008  200008    200000       0  IDLOC   
                config                         300000  00000E  30000E    300000       0  CONFIG  


UNUSED ADDRESS RANGES

        Name                Unused          Largest block    Delta
        BANK0            000060-0000FF               A0
        BANK1            000100-0001FF              100
        BANK2            000200-0002FF              100
        BANK3            000300-0003FF              100
        BANK4            000400-0004FF              100
        BANK5            000500-0005FF              100
        BANK6            000600-0006FF              100
        BANK7            000700-0007FF              100
        BIGRAM           000042-0007FF              7BE
        CODE             000804-000807                4
                         000812-000817                6
                         000838-007D49             7512
        COMRAM           000042-00005F               1E
        CONST            000804-000807                4
                         000812-000817                6
                         000838-007D49             7512
        EEDATA           F00000-F000FF              100
        FARRAM           000000-000000                1
        MEDIUMCONST      000804-000807                4
                         000812-000817                6
                         000838-007D49             7512
        RAM              000060-0007FF              100
        SFR              000F60-000FFF               A0
        SMALLCONST       000804-000807                4
                         000812-000817                6
                         000838-007D49              100
        STACK            000060-0007FF              7A0

                                  Symbol Table

?___wmul                 cstackCOMRAM 000001
_ABCdario                text6        007E24
_ADCON0                  (abs)        000FC2
_ADCON0bits              (abs)        000FC2
_ADCON1                  (abs)        000FC1
_ADCON2                  (abs)        000FC0
_ADRESH                  (abs)        000FC4
_BAUDCON                 (abs)        000FB8
_INTCON                  (abs)        000FF2
_INTCON2                 (abs)        000FF1
_INTCONbits              (abs)        000FF2
_PIE1bits                (abs)        000F9D
_PIR1bits                (abs)        000F9E
_RCREG                   (abs)        000FAE
_RCSTA                   (abs)        000FAB
_SPBRG                   (abs)        000FAF
_SPBRGH                  (abs)        000FB0
_T0CON                   (abs)        000FD5
_T0CONbits               (abs)        000FD5
_TMR0                    (abs)        000FD6
_TRISB                   (abs)        000F93
_TRISCbits               (abs)        000F94
_TRISDbits               (abs)        000F95
_TXREG                   (abs)        000FAD
_TXSTA                   (abs)        000FAC
_TXSTAbits               (abs)        000FAC
_Volt_in                 bssCOMRAM    000040
__CFG_BOR$ON             (abs)        000000
__CFG_BORV$3             (abs)        000000
__CFG_CCP2MX$ON          (abs)        000000
__CFG_CP0$OFF            (abs)        000000
__CFG_CP1$OFF            (abs)        000000
__CFG_CP2$OFF            (abs)        000000
__CFG_CP3$OFF            (abs)        000000
__CFG_CPB$OFF            (abs)        000000
__CFG_CPD$OFF            (abs)        000000
__CFG_CPUDIV$OSC1_PLL2   (abs)        000000
__CFG_EBTR0$OFF          (abs)        000000
__CFG_EBTR1$OFF          (abs)        000000
__CFG_EBTR2$OFF          (abs)        000000
__CFG_EBTR3$OFF          (abs)        000000
__CFG_EBTRB$OFF          (abs)        000000
__CFG_FCMEN$OFF          (abs)        000000
__CFG_FOSC$HSPLL_HS      (abs)        000000
__CFG_ICPRT$OFF          (abs)        000000
__CFG_IESO$OFF           (abs)        000000
__CFG_LPT1OSC$OFF        (abs)        000000
__CFG_LVP$OFF            (abs)        000000
__CFG_MCLRE$ON           (abs)        000000
__CFG_PBADEN$OFF         (abs)        000000
__CFG_PLLDIV$5           (abs)        000000
__CFG_PWRT$OFF           (abs)        000000
__CFG_STVREN$ON          (abs)        000000
__CFG_USBDIV$2           (abs)        000000
__CFG_VREGEN$ON          (abs)        000000
__CFG_WDT$OFF            (abs)        000000
__CFG_WDTPS$32768        (abs)        000000
__CFG_WRT0$OFF           (abs)        000000
__CFG_WRT1$OFF           (abs)        000000
__CFG_WRT2$OFF           (abs)        000000
__CFG_WRT3$OFF           (abs)        000000
__CFG_WRTB$ON            (abs)        000000
__CFG_WRTC$OFF           (abs)        000000
__CFG_WRTD$OFF           (abs)        000000
__CFG_XINST$OFF          (abs)        000000
__HRAM                   (abs)        000000
__Habs1                  abs1         000000
__Hbank0                 bank0        000000
__Hbank1                 bank1        000000
__Hbank2                 bank2        000000
__Hbank3                 bank3        000000
__Hbank4                 bank4        000000
__Hbank5                 bank5        000000
__Hbank6                 bank6        000000
__Hbank7                 bank7        000000
__Hbigbss                bigbss       000000
__Hbigdata               bigdata      000000
__Hbigram                bigram       000000
__Hbss                   bss          000000
__HbssCOMRAM             bssCOMRAM    000000
__Hcinit                 cinit        000000
__Hclrtext               clrtext      000000
__Hcomram                comram       000000
__Hconfig                config       30000E
__Hconst                 const        000000
__HcstackCOMRAM          cstackCOMRAM 000000
__Hdata                  data         000000
__HdataCOMRAM            dataCOMRAM   000000
__Heeprom_data           eeprom_data  000000
__Hfarbss                farbss       000000
__Hfardata               fardata      000000
__Hibigdata              ibigdata     000000
__Hidata                 idata        000000
__HidataCOMRAM           idataCOMRAM  000000
__Hidloc                 idloc        200008
__Hifardata              ifardata     000000
__Hinit                  init         000812
__Hintcode               intcode      00080E
__Hintcode_body          intcode_body 000000
__Hintcodelo             intcodelo    00080E
__Hintentry              intentry     000000
__Hintret                intret       000000
__Hintsave_regs          intsave_regs 000000
__Hirdata                irdata       000000
__Hmediumconst           mediumconst  000000
__HnvFARRAM              nvFARRAM     000000
__Hnvbit                 nvbit        000000
__Hnvrram                nvrram       000000
__Hparam                 rparam       000000
__Hpowerup               powerup      00080E
__Hram                   ram          000000
__Hramtop                ramtop       000800
__Hrbit                  rbit         000000
__Hrbss                  rbss         000000
__Hrdata                 rdata        000000
__Hreset_vec             reset_vec    000804
__Hrparam                rparam       000000
__Hsfr                   sfr          000000
__Hsmallconst            smallconst   000838
__Hspace_0               (abs)        30000E
__Hspace_1               (abs)        000042
__Hspace_2               (abs)        000000
__Hstack                 stack        000000
__Hstruct                struct       000000
__Htemp                  temp         000042
__Htext                  text         000000
__Htext0                 text0        000000
__Htext1                 text1        000000
__Htext10                text10       000000
__Htext11                text11       000000
__Htext12                text12       000000
__Htext2                 text2        000000
__Htext3                 text3        000000
__Htext4                 text4        000000
__Htext5                 text5        000000
__Htext6                 text6        000000
__Htext7                 text7        000000
__Htext8                 text8        000000
__LRAM                   (abs)        000001
__Labs1                  abs1         000000
__Lbank0                 bank0        000000
__Lbank1                 bank1        000000
__Lbank2                 bank2        000000
__Lbank3                 bank3        000000
__Lbank4                 bank4        000000
__Lbank5                 bank5        000000
__Lbank6                 bank6        000000
__Lbank7                 bank7        000000
__Lbigbss                bigbss       000000
__Lbigdata               bigdata      000000
__Lbigram                bigram       000000
__Lbss                   bss          000000
__LbssCOMRAM             bssCOMRAM    000000
__Lcinit                 cinit        000000
__Lclrtext               clrtext      000000
__Lcomram                comram       000000
__Lconfig                config       300000
__Lconst                 const        000000
__LcstackCOMRAM          cstackCOMRAM 000000
__Ldata                  data         000000
__LdataCOMRAM            dataCOMRAM   000000
__Leeprom_data           eeprom_data  000000
__Lfarbss                farbss       000000
__Lfardata               fardata      000000
__Libigdata              ibigdata     000000
__Lidata                 idata        000000
__LidataCOMRAM           idataCOMRAM  000000
__Lidloc                 idloc        200000
__Lifardata              ifardata     000000
__Linit                  init         00080E
__Lintcode               intcode      000808
__Lintcode_body          intcode_body 000000
__Lintcodelo             intcodelo    00080E
__Lintentry              intentry     000000
__Lintret                intret       000000
__Lintsave_regs          intsave_regs 000000
__Lirdata                irdata       000000
__Lmediumconst           mediumconst  000000
__LnvFARRAM              nvFARRAM     000000
__Lnvbit                 nvbit        000000
__Lnvrram                nvrram       000000
__Lparam                 rparam       000000
__Lpowerup               powerup      00080E
__Lram                   ram          000000
__Lramtop                ramtop       000800
__Lrbit                  rbit         000000
__Lrbss                  rbss         000000
__Lrdata                 rdata        000000
__Lreset_vec             reset_vec    000800
__Lrparam                rparam       000000
__Lsfr                   sfr          000000
__Lsmallconst            smallconst   00081A
__Lspace_0               (abs)        000000
__Lspace_1               (abs)        000000
__Lspace_2               (abs)        000000
__Lstack                 stack        000000
__Lstruct                struct       000000
__Ltemp                  temp         000041
__Ltext                  text         000000
__Ltext0                 text0        000000
__Ltext1                 text1        000000
__Ltext10                text10       000000
__Ltext11                text11       000000
__Ltext12                text12       000000
__Ltext2                 text2        000000
__Ltext3                 text3        000000
__Ltext4                 text4        000000
__Ltext5                 text5        000000
__Ltext6                 text6        000000
__Ltext7                 text7        000000
__Ltext8                 text8        000000
__S0                     (abs)        30000E
__S1                     (abs)        000042
__S2                     (abs)        000000
___inthi_sp              stack        000000
___intlo_sp              stack        000000
___param_bank            (abs)        000000
___rparam_used           (abs)        000001
___sp                    stack        000000
___wmul                  text12       007DFE
___wmul@multiplicand     cstackCOMRAM 000003
___wmul@multiplier       cstackCOMRAM 000001
___wmul@product          cstackCOMRAM 000005
__accesstop              (abs)        000060
__activetblptr           (abs)        000001
__end_of_ABCdario        text6        007E54
__end_of___wmul          text12       007E24
__end_of__initialization cinit        007E78
__end_of_config          text5        007DA0
__end_of_configureADC    text4        007D78
__end_of_configureGPIO   text3        007D52
__end_of_defInt          text2        007D86
__end_of_delay_ms        text11       007ED8
__end_of_delay_sec       text8        007DBE
__end_of_interrupcion    intcode_body 008000
__end_of_main            text0        007DFE
__end_of_printf_UART     text1        007F2C
__end_of_putc_UART       text7        007D6A
__end_ofi2_putc_UART     text10       007D5E
__initialization         cinit        007E54
__mediumconst            mediumconst  000000
__pbssCOMRAM             bssCOMRAM    00003F
__pcinit                 cinit        007E54
__pcstackCOMRAM          cstackCOMRAM 000001
__pdataCOMRAM            dataCOMRAM   000021
__pidataCOMRAM           idataCOMRAM  007DBE
__pintcode               intcode      000808
__pintcode_body          intcode_body 007F2C
__psmallconst            smallconst   00081A
__ptext0                 text0        007DDC
__ptext1                 text1        007ED8
__ptext10                text10       007D52
__ptext11                text11       007E8A
__ptext12                text12       007DFE
__ptext2                 text2        007D78
__ptext3                 text3        007D4A
__ptext4                 text4        007D6A
__ptext5                 text5        007D86
__ptext6                 text6        007E24
__ptext7                 text7        007D5E
__ptext8                 text8        007DA0
__ramtop                 ramtop       000800
__size_of_ABCdario       (abs)        000000
__size_of___wmul         (abs)        000000
__size_of_config         (abs)        000000
__size_of_configureADC   (abs)        000000
__size_of_configureGPIO  (abs)        000000
__size_of_defInt         (abs)        000000
__size_of_delay_ms       (abs)        000000
__size_of_delay_sec      (abs)        000000
__size_of_interrupcion   (abs)        000000
__size_of_main           (abs)        000000
__size_of_printf_UART    (abs)        000000
__size_of_putc_UART      (abs)        000000
__size_ofi2_putc_UART    (abs)        000000
__smallconst             smallconst   00081A
_config                  text5        007D86
_configureADC            text4        007D6A
_configureGPIO           text3        007D4A
_defInt                  text2        007D78
_delay_ms                text11       007E8A
_delay_sec               text8        007DA0
_i                       bssCOMRAM    00003F
_interrupcion            intcode      000808
_letra                   dataCOMRAM   000021
_main                    text0        007DDC
_printf_UART             text1        007ED8
_putc_UART               text7        007D5E
btemp                    temp         000041
delay_ms@ms              cstackCOMRAM 000007
delay_ms@timer_val       cstackCOMRAM 00000B
end_of_initialization    cinit        007E78
i2_putc_UART             text10       007D52
i2putc_UART@dato_TX      cstackCOMRAM 000001
int$flags                temp         000041
int_func                 intcode_body 007F2C
intlevel0                text         000000
intlevel1                text         000000
intlevel2                text         000000
intlevel3                text         000000
printf_UART@dato         cstackCOMRAM 00001C
printf_UART@i            cstackCOMRAM 000020
putc_UART@dato_TX        cstackCOMRAM 00001B
stackhi                  (abs)        0007FF
stacklo                  (abs)        000060
start                    init         00080E
start_initialization     cinit        007E54


FUNCTION INFORMATION:

 *************** function _main *****************
 Defined at:
		line 101 in file "Main.c"
 Parameters:    Size  Location     Type
		None
 Auto vars:     Size  Location     Type
		None
 Return value:  Size  Location     Type
                  1    wreg      void 
 Registers used:
		wreg, fsr2l, fsr2h, status,2, status,0, tblptrl, tblptrh, tblptru, prodl, prodh, cstack
 Tracked objects:
		On entry : 
		On exit  : 
		Unchanged: 
 Data sizes:     COMRAM   BANK0   BANK1   BANK2   BANK3   BANK4   BANK5   BANK6   BANK7
      Params:         0       0       0       0       0       0       0       0       0
      Locals:         0       0       0       0       0       0       0       0       0
      Temps:          0       0       0       0       0       0       0       0       0
      Totals:         0       0       0       0       0       0       0       0       0
Total ram usage:        0 bytes
 Hardware stack levels required when called:    5
 This function calls:
		_ABCdario
		_config
		_configureADC
		_configureGPIO
		_defInt
		_printf_UART
 This function is called by:
		Startup code after reset
 This function uses a non-reentrant model


 *************** function _printf_UART *****************
 Defined at:
		line 32 in file "UART.c"
 Parameters:    Size  Location     Type
  dato            2   27[COMRAM] PTR unsigned char 
		 -> STR_1(27), 
 Auto vars:     Size  Location     Type
  i               1   31[COMRAM] unsigned char 
 Return value:  Size  Location     Type
                  1    wreg      void 
 Registers used:
		wreg, status,2, status,0, tblptrl, tblptrh, tblptru, prodl, prodh, cstack
 Tracked objects:
		On entry : 
		On exit  : 
		Unchanged: 
 Data sizes:     COMRAM   BANK0   BANK1   BANK2   BANK3   BANK4   BANK5   BANK6   BANK7
      Params:         2       0       0       0       0       0       0       0       0
      Locals:         1       0       0       0       0       0       0       0       0
      Temps:          2       0       0       0       0       0       0       0       0
      Totals:         5       0       0       0       0       0       0       0       0
Total ram usage:        5 bytes
 Hardware stack levels used:    1
 Hardware stack levels required when called:    4
 This function calls:
		_putc_UART
 This function is called by:
		_main
 This function uses a non-reentrant model


 *************** function _defInt *****************
 Defined at:
		line 49 in file "Main.c"
 Parameters:    Size  Location     Type
		None
 Auto vars:     Size  Location     Type
		None
 Return value:  Size  Location     Type
                  1    wreg      void 
 Registers used:
		wreg, status,2
 Tracked objects:
		On entry : 
		On exit  : 
		Unchanged: 
 Data sizes:     COMRAM   BANK0   BANK1   BANK2   BANK3   BANK4   BANK5   BANK6   BANK7
      Params:         0       0       0       0       0       0       0       0       0
      Locals:         0       0       0       0       0       0       0       0       0
      Temps:          0       0       0       0       0       0       0       0       0
      Totals:         0       0       0       0       0       0       0       0       0
Total ram usage:        0 bytes
 Hardware stack levels used:    1
 Hardware stack levels required when called:    3
 This function calls:
		Nothing
 This function is called by:
		_main
 This function uses a non-reentrant model


 *************** function _configureGPIO *****************
 Defined at:
		line 10 in file "Main.c"
 Parameters:    Size  Location     Type
		None
 Auto vars:     Size  Location     Type
		None
 Return value:  Size  Location     Type
                  1    wreg      void 
 Registers used:
		wreg, status,2
 Tracked objects:
		On entry : 
		On exit  : 
		Unchanged: 
 Data sizes:     COMRAM   BANK0   BANK1   BANK2   BANK3   BANK4   BANK5   BANK6   BANK7
      Params:         0       0       0       0       0       0       0       0       0
      Locals:         0       0       0       0       0       0       0       0       0
      Temps:          0       0       0       0       0       0       0       0       0
      Totals:         0       0       0       0       0       0       0       0       0
Total ram usage:        0 bytes
 Hardware stack levels used:    1
 Hardware stack levels required when called:    3
 This function calls:
		Nothing
 This function is called by:
		_main
 This function uses a non-reentrant model


 *************** function _configureADC *****************
 Defined at:
		line 16 in file "Main.c"
 Parameters:    Size  Location     Type
		None
 Auto vars:     Size  Location     Type
		None
 Return value:  Size  Location     Type
                  1    wreg      void 
 Registers used:
		wreg, status,2
 Tracked objects:
		On entry : 
		On exit  : 
		Unchanged: 
 Data sizes:     COMRAM   BANK0   BANK1   BANK2   BANK3   BANK4   BANK5   BANK6   BANK7
      Params:         0       0       0       0       0       0       0       0       0
      Locals:         0       0       0       0       0       0       0       0       0
      Temps:          0       0       0       0       0       0       0       0       0
      Totals:         0       0       0       0       0       0       0       0       0
Total ram usage:        0 bytes
 Hardware stack levels used:    1
 Hardware stack levels required when called:    3
 This function calls:
		Nothing
 This function is called by:
		_main
 This function uses a non-reentrant model


 *************** function _config *****************
 Defined at:
		line 11 in file "UART.c"
 Parameters:    Size  Location     Type
		None
 Auto vars:     Size  Location     Type
		None
 Return value:  Size  Location     Type
                  1    wreg      void 
 Registers used:
		wreg, status,2
 Tracked objects:
		On entry : 
		On exit  : 
		Unchanged: 
 Data sizes:     COMRAM   BANK0   BANK1   BANK2   BANK3   BANK4   BANK5   BANK6   BANK7
      Params:         0       0       0       0       0       0       0       0       0
      Locals:         0       0       0       0       0       0       0       0       0
      Temps:          0       0       0       0       0       0       0       0       0
      Totals:         0       0       0       0       0       0       0       0       0
Total ram usage:        0 bytes
 Hardware stack levels used:    1
 Hardware stack levels required when called:    3
 This function calls:
		Nothing
 This function is called by:
		_main
 This function uses a non-reentrant model


 *************** function _ABCdario *****************
 Defined at:
		line 85 in file "Main.c"
 Parameters:    Size  Location     Type
		None
 Auto vars:     Size  Location     Type
		None
 Return value:  Size  Location     Type
                  1    wreg      void 
 Registers used:
		wreg, fsr2l, fsr2h, status,2, status,0, prodl, prodh, cstack
 Tracked objects:
		On entry : 
		On exit  : 
		Unchanged: 
 Data sizes:     COMRAM   BANK0   BANK1   BANK2   BANK3   BANK4   BANK5   BANK6   BANK7
      Params:         0       0       0       0       0       0       0       0       0
      Locals:         0       0       0       0       0       0       0       0       0
      Temps:          0       0       0       0       0       0       0       0       0
      Totals:         0       0       0       0       0       0       0       0       0
Total ram usage:        0 bytes
 Hardware stack levels used:    1
 Hardware stack levels required when called:    4
 This function calls:
		_delay_sec
		_putc_UART
 This function is called by:
		_main
 This function uses a non-reentrant model


 *************** function _putc_UART *****************
 Defined at:
		line 21 in file "UART.c"
 Parameters:    Size  Location     Type
  dato_TX         1    wreg     unsigned char 
 Auto vars:     Size  Location     Type
  dato_TX         1   26[COMRAM] unsigned char 
 Return value:  Size  Location     Type
                  1    wreg      void 
 Registers used:
		wreg
 Tracked objects:
		On entry : 
		On exit  : 
		Unchanged: 
 Data sizes:     COMRAM   BANK0   BANK1   BANK2   BANK3   BANK4   BANK5   BANK6   BANK7
      Params:         0       0       0       0       0       0       0       0       0
      Locals:         1       0       0       0       0       0       0       0       0
      Temps:          0       0       0       0       0       0       0       0       0
      Totals:         1       0       0       0       0       0       0       0       0
Total ram usage:        1 bytes
 Hardware stack levels used:    1
 Hardware stack levels required when called:    3
 This function calls:
		Nothing
 This function is called by:
		_printf_UART
		_ABCdario
		_BCD_UART
 This function uses a non-reentrant model


 *************** function _delay_sec *****************
 Defined at:
		line 12 in file "comm.c"
 Parameters:    Size  Location     Type
		None
 Auto vars:     Size  Location     Type
		None
 Return value:  Size  Location     Type
                  1    wreg      void 
 Registers used:
		wreg, status,2
 Tracked objects:
		On entry : 
		On exit  : 
		Unchanged: 
 Data sizes:     COMRAM   BANK0   BANK1   BANK2   BANK3   BANK4   BANK5   BANK6   BANK7
      Params:         0       0       0       0       0       0       0       0       0
      Locals:         0       0       0       0       0       0       0       0       0
      Temps:          0       0       0       0       0       0       0       0       0
      Totals:         0       0       0       0       0       0       0       0       0
Total ram usage:        0 bytes
 Hardware stack levels used:    1
 Hardware stack levels required when called:    3
 This function calls:
		Nothing
 This function is called by:
		_ABCdario
 This function uses a non-reentrant model


 *************** function _interrupcion *****************
 Defined at:
		line 56 in file "Main.c"
 Parameters:    Size  Location     Type
		None
 Auto vars:     Size  Location     Type
		None
 Return value:  Size  Location     Type
                  1    wreg      void 
 Registers used:
		wreg, fsr2l, fsr2h, status,2, status,0, prodl, prodh, cstack
 Tracked objects:
		On entry : 
		On exit  : 
		Unchanged: 
 Data sizes:     COMRAM   BANK0   BANK1   BANK2   BANK3   BANK4   BANK5   BANK6   BANK7
      Params:         0       0       0       0       0       0       0       0       0
      Locals:         0       0       0       0       0       0       0       0       0
      Temps:         14       0       0       0       0       0       0       0       0
      Totals:        14       0       0       0       0       0       0       0       0
Total ram usage:       14 bytes
 Hardware stack levels used:    1
 Hardware stack levels required when called:    2
 This function calls:
		_delay_ms
		i2_putc_UART
 This function is called by:
		Interrupt level 2
 This function uses a non-reentrant model


 *************** function i2_putc_UART *****************
 Defined at:
		line 21 in file "UART.c"
 Parameters:    Size  Location     Type
  dato_TX         1    wreg     unsigned char 
 Auto vars:     Size  Location     Type
  dato_TX         1    0[COMRAM] unsigned char 
 Return value:  Size  Location     Type
                  1    wreg      void 
 Registers used:
		wreg
 Tracked objects:
		On entry : 
		On exit  : 
		Unchanged: 
 Data sizes:     COMRAM   BANK0   BANK1   BANK2   BANK3   BANK4   BANK5   BANK6   BANK7
      Params:         0       0       0       0       0       0       0       0       0
      Locals:         1       0       0       0       0       0       0       0       0
      Temps:          0       0       0       0       0       0       0       0       0
      Totals:         1       0       0       0       0       0       0       0       0
Total ram usage:        1 bytes
 Hardware stack levels used:    1
 This function calls:
		Nothing
 This function is called by:
		_interrupcion
 This function uses a non-reentrant model


 *************** function _delay_ms *****************
 Defined at:
		line 23 in file "Main.c"
 Parameters:    Size  Location     Type
  ms              2    6[COMRAM] unsigned int 
 Auto vars:     Size  Location     Type
  timer_val       2   10[COMRAM] unsigned int 
 Return value:  Size  Location     Type
                  1    wreg      void 
 Registers used:
		wreg, status,2, status,0, prodl, prodh, cstack
 Tracked objects:
		On entry : 
		On exit  : 
		Unchanged: 
 Data sizes:     COMRAM   BANK0   BANK1   BANK2   BANK3   BANK4   BANK5   BANK6   BANK7
      Params:         2       0       0       0       0       0       0       0       0
      Locals:         2       0       0       0       0       0       0       0       0
      Temps:          2       0       0       0       0       0       0       0       0
      Totals:         6       0       0       0       0       0       0       0       0
Total ram usage:        6 bytes
 Hardware stack levels used:    1
 Hardware stack levels required when called:    1
 This function calls:
		___wmul
 This function is called by:
		_interrupcion
 This function uses a non-reentrant model


 *************** function ___wmul *****************
 Defined at:
		line 15 in file "C:\Program Files (x86)\Microchip\xc8\v1.42\sources\common\Umul16.c"
 Parameters:    Size  Location     Type
  multiplier      2    0[COMRAM] unsigned int 
  multiplicand    2    2[COMRAM] unsigned int 
 Auto vars:     Size  Location     Type
  product         2    4[COMRAM] unsigned int 
 Return value:  Size  Location     Type
                  2    0[COMRAM] unsigned int 
 Registers used:
		wreg, status,2, status,0, prodl, prodh
 Tracked objects:
		On entry : 
		On exit  : 
		Unchanged: 
 Data sizes:     COMRAM   BANK0   BANK1   BANK2   BANK3   BANK4   BANK5   BANK6   BANK7
      Params:         4       0       0       0       0       0       0       0       0
      Locals:         2       0       0       0       0       0       0       0       0
      Temps:          0       0       0       0       0       0       0       0       0
      Totals:         6       0       0       0       0       0       0       0       0
Total ram usage:        6 bytes
 Hardware stack levels used:    1
 This function calls:
		Nothing
 This function is called by:
		_delay_ms
 This function uses a non-reentrant model



MODULE INFORMATION

Module		Function		Class		Link	Load	Size
UART.c
		_printf_UART   		CODE           	7ED8	0000	85
		_config        		CODE           	7D86	0000	27
		_putc_UART     		CODE           	7D5E	0000	13

UART.c estimated size: 125

Main.c
		_configureADC  		CODE           	7D6A	0000	15
		_configureGPIO 		CODE           	7D4A	0000	9
		_main          		CODE           	7DDC	0000	35
		_interrupcion  		CODE           	0808	0000	219
		_delay_ms      		CODE           	7E8A	0000	79
		_defInt        		CODE           	7D78	0000	15
		_ABCdario      		CODE           	7E24	0000	49

Main.c estimated size: 421

shared
		__initialization		CODE           	7E54	0000	37
		i2_putc_UART   		CODE           	7D52	0000	13

shared estimated size: 50

C:\Program Files (x86)\Microchip\xc8\v1.42\sources\common\Umul16.c
		___wmul        		CODE           	7DFE	0000	39

C:\Program Files (x86)\Microchip\xc8\v1.42\sources\common\Umul16.c estimated size: 39

comm.c
		_delay_sec     		CODE           	7DA0	0000	31

comm.c estimated size: 31

